graphics-6.18.35-tinycore.tcz
wireless-6.18.35-tinycore.tcz
alsa-config.tcz
alsa.tcz
Xorg-7.7.tcz
xf86-video-intel.tcz
flwm.tcz
wbar.tcz
aterm.tcz
Xprogs.tcz
wpa_supplicant-dbus.tcz
wireless_tools.tcz
flradio.tcz
fltv.tcz
fltube.tcz
flconnect.tcz
adwaita-icon-theme.tcz
flwriter.tcz
flfm.tcz
flplayer.tcz
seamonkey.tcz
filezilla.tcz
wifi.tcz
conky.tcz
dejavu-fonts-ttf.tcz
flpicsee.tcz
ipv6-netfilter-6.18.35-tinycore.tcz
coreutils.tcz
gmp.tcz
libmnl.tcz
libnftnl.tcz
jansson.tcz
ncursesw.tcz
libedit.tcz
libxtables.tcz
nftables.tcz
lxtask.tcz
flskin.tcz
tc-install-GUI.tcz
syslinux.tcz
